// Vitest Snapshot v1, https://vitest.dev/guide/snapshot.html

exports[`router > getExclusions > should return list of exclusions 1`] = `
[
  [
    "["**/*.nosync","**/*.nosync.txt","plugins/file2.dll","plugins/file3.dll","plugins/ModName","plugins/OtherMod/subdir","user/mods/**/*.js","user/mods/**/*.js.map","**/node_modules"]",
  ],
]
`;

exports[`router > getHashes > should return hashes 1`] = `
[
  [
    "{"plugins":{"plugins\\\\file1.dll":{"hash":"0ce304b7ff04260d67adfdee0af9dd3b","directory":false},"plugins\\\\OtherMod\\\\other_mod.dll":{"hash":"0e1546a7aa36a802e102888baa1681fc","directory":false}},"user\\\\mods":{"user\\\\mods":{"hash":"","directory":true}},"user\\\\cache":{}}",
  ],
]
`;

exports[`router > getHashes > should serve 'rescue' mode hashes when no version specified 1`] = `
[
  [
    "{"BepInEx\\\\plugins\\\\Corter-ModSync.dll":{"crc":999999999},"ModSync.Updater.exe":{"crc":999999999}}",
  ],
]
`;

exports[`router > getSyncPaths > should return sync paths 1`] = `
[
  [
    "[{"path":"plugins","enabled":true,"enforced":false,"silent":false,"restartRequired":true},{"path":"user\\\\mods","enabled":true,"enforced":false,"silent":false,"restartRequired":false},{"path":"user\\\\cache","enabled":false,"enforced":false,"silent":false,"restartRequired":true}]",
  ],
]
`;

exports[`router > getSyncPaths > should serve 'rescue' mode paths when no version specified 1`] = `
[
  [
    "["BepInEx\\\\plugins\\\\Corter-ModSync.dll","ModSync.Updater.exe"]",
  ],
]
`;
